  3 | ERROR | Class level documentation missing
  9 | ERROR | No @license tag: GPL-2.0-or-later found
 15 | ERROR | No @license tag: GPL-2.0-or-later found
