 15 | ERROR | Found @returns instead of @return
 21 | ERROR | Found @returns instead of @return
