  3 | ERROR | [x] Unused import found
  6 | ERROR | [x] Unused import found
  8 | ERROR | [x] Unused import found
 12 | ERROR | [x] Unused import found
